---
source: tui/src/status.rs
expression: sanitized
---
/status

╭──────────────────────────────────────────────────────────╮
│ >_ OpenAI Codex (v0.0.0)                                 │
│                                                          │
│  Model: gpt-5-codex (reasoning High, summaries Detailed) │
│  Directory: [[workspace]]                                  │
│  Approval: on-request                                    │
│  Sandbox: workspace-write                                │
│  Agents.md: <none>                                       │
│                                                          │
│  Token Usage: 1.9K (1K input + 900 output) + 200 cached  │
│  5h Limit    : [███████████████░░░░░] 72% used           │
│     Resets at: Jan 2, 2024 3:14 AM                       │
│  Weekly Limit: [█████████░░░░░░░░░░░] 45% used           │
│     Resets at: Jan 2, 2024 3:24 AM                       │
╰──────────────────────────────────────────────────────────╯
